May  5 01:35:21 mail dovecot: imap-login: Disconnected (no auth attempts in 0 secs): user=<>, rip=1.162.209.249, lip=140.131.149.3, TLS handshaking: SSL_accept() failed: error:14094416:SSL routines:ssl3_read_bytes:sslv3 alert certificate unknown: SSL alert number 46, session=<HS+M9NWkMt0BotH5>
May  5 01:35:21 mail dovecot: imap-login: Disconnected (no auth attempts in 0 secs): user=<>, rip=1.162.209.249, lip=140.131.149.3, TLS handshaking: SSL_accept() failed: error:14094416:SSL routines:ssl3_read_bytes:sslv3 alert certificate unknown: SSL alert number 46, session=<fuON9NWkM90BotH5>
May  5 01:35:24 mail dovecot: imap-login: Disconnected (no auth attempts in 0 secs): user=<>, rip=118.150.71.150, lip=140.131.149.3, TLS handshaking: SSL_accept() failed: error:14094416:SSL routines:ssl3_read_bytes:sslv3 alert certificate unknown: SSL alert number 46, session=<cNS89NWkIp12lkeW>
May  5 01:35:50 mail dovecot: imap-login: Disconnected (no auth attempts in 6 secs): user=<>, rip=103.233.10.224, lip=140.131.149.3, TLS handshaking: SSL_accept() failed: error:1408A10B:SSL routines:ssl3_get_client_hello:wrong version number, session=<HVBJ9tWkGsRn6Qrg>
May  5 01:35:55 mail dovecot: imap-login: Disconnected (no auth attempts in 5 secs): user=<>, rip=103.233.10.224, lip=140.131.149.3, TLS handshaking: Connection closed, session=<1mqb9tWkc8Rn6Qrg>
May  5 01:36:01 mail dovecot: imap-login: Disconnected (no auth attempts in 5 secs): user=<>, rip=103.233.10.224, lip=140.131.149.3, TLS handshaking: Connection closed, session=<iKbq9tWktcRn6Qrg>
May  5 01:36:05 mail dovecot: imap-login: Login: user=<will3509111@hs.ntnu.edu.tw>, method=PLAIN, rip=71.93.103.31, lip=140.131.149.3, mpid=70141, TLS, session=<u5Uo99WkKslHXWcf>
May  5 01:36:05 mail dovecot: imap(will3509111@hs.ntnu.edu.tw)<70141><u5Uo99WkKslHXWcf>: Logged out in=70 out=1223 deleted=0 expunged=0 trashed=0 hdr_count=0 hdr_bytes=0 body_count=0 body_bytes=0
May  5 01:36:06 mail dovecot: imap-login: Disconnected (no auth attempts in 5 secs): user=<>, rip=103.233.10.224, lip=140.131.149.3, TLS handshaking: Connection closed, session=<3dI599Wk/MRn6Qrg>
May  5 01:36:06 mail dovecot: imap-login: Disconnected (no auth attempts in 0 secs): user=<>, rip=103.233.10.224, lip=140.131.149.3, TLS handshaking: SSL_accept() failed: error:1407609C:SSL routines:SSL23_GET_CLIENT_HELLO:http request, session=<lKc/99WkScVn6Qrg>
May  5 01:36:07 mail dovecot: imap-login: Disconnected (no auth attempts in 0 secs): user=<>, rip=103.233.10.224, lip=140.131.149.3, TLS handshaking: SSL_accept() failed: error:140760FC:SSL routines:SSL23_GET_CLIENT_HELLO:unknown protocol, session=<ZFNI99WkU8Vn6Qrg>
May  5 01:36:07 mail dovecot: imap-login: Disconnected (no auth attempts in 0 secs): user=<>, rip=103.233.10.224, lip=140.131.149.3, TLS handshaking: SSL_accept() failed: error:140760FC:SSL routines:SSL23_GET_CLIENT_HELLO:unknown protocol, session=<k+xQ99WkWcVn6Qrg>
May  5 01:36:08 mail dovecot: imap-login: Disconnected (no auth attempts in 0 secs): user=<>, rip=103.233.10.224, lip=140.131.149.3, TLS handshaking: SSL_accept() failed: error:140760FC:SSL routines:SSL23_GET_CLIENT_HELLO:unknown protocol, session=</n1Z99WkYMVn6Qrg>
May  5 01:36:08 mail dovecot: imap-login: Disconnected (no auth attempts in 0 secs): user=<>, rip=103.233.10.224, lip=140.131.149.3, TLS handshaking: SSL_accept() failed: error:140760FC:SSL routines:SSL23_GET_CLIENT_HELLO:unknown protocol, session=<z0di99WkZsVn6Qrg>
May  5 01:36:09 mail dovecot: imap-login: Disconnected (no auth attempts in 0 secs): user=<>, rip=103.233.10.224, lip=140.131.149.3, TLS handshaking: SSL_accept() failed: error:140760FC:SSL routines:SSL23_GET_CLIENT_HELLO:unknown protocol, session=<fetq99WkccVn6Qrg>
May  5 01:36:17 mail dovecot: imap-login: Disconnected (no auth attempts in 8 secs): user=<>, rip=103.233.10.224, lip=140.131.149.3, TLS handshaking: Connection closed, session=<ySfj99WkecVn6Qrg>
May  5 01:36:17 mail dovecot: imap-login: Disconnected (no auth attempts in 0 secs): user=<>, rip=103.233.10.224, lip=140.131.149.3, TLS handshaking: SSL_accept() failed: error:140760FC:SSL routines:SSL23_GET_CLIENT_HELLO:unknown protocol, session=<ndLo99Wk3sVn6Qrg>
May  5 01:36:18 mail dovecot: imap-login: Disconnected (no auth attempts in 0 secs): user=<>, rip=103.233.10.224, lip=140.131.149.3, TLS handshaking: SSL_accept() failed: error:140760FC:SSL routines:SSL23_GET_CLIENT_HELLO:unknown protocol, session=<3Wzx99Wk48Vn6Qrg>
May  5 01:36:18 mail dovecot: imap-login: Disconnected (no auth attempts in 0 secs): user=<>, rip=103.233.10.224, lip=140.131.149.3, TLS handshaking: SSL_accept() failed: error:140760FC:SSL routines:SSL23_GET_CLIENT_HELLO:unknown protocol, session=<Jgv699Wk78Vn6Qrg>
May  5 01:36:19 mail dovecot: imap-login: Disconnected (no auth attempts in 0 secs): user=<>, rip=103.233.10.224, lip=140.131.149.3, TLS handshaking: SSL_accept() failed: error:140760FC:SSL routines:SSL23_GET_CLIENT_HELLO:unknown protocol, session=<E8UC+NWk9MVn6Qrg>
May  5 01:36:20 mail dovecot: imap-login: Disconnected (no auth attempts in 1 secs): user=<>, rip=103.233.10.224, lip=140.131.149.3, TLS handshaking: SSL_accept() failed: error:1407609C:SSL routines:SSL23_GET_CLIENT_HELLO:http request, session=<lYIL+NWk+8Vn6Qrg>
May  5 01:36:24 mail dovecot: imap-login: Disconnected (no auth attempts in 0 secs): user=<>, rip=1.162.209.249, lip=140.131.149.3, TLS handshaking: SSL_accept() failed: error:14094416:SSL routines:ssl3_read_bytes:sslv3 alert certificate unknown: SSL alert number 46, session=<4zJQ+NWkON0BotH5>
May  5 01:36:24 mail dovecot: imap-login: Disconnected (no auth attempts in 0 secs): user=<>, rip=1.162.209.249, lip=140.131.149.3, TLS handshaking: SSL_accept() failed: error:14094416:SSL routines:ssl3_read_bytes:sslv3 alert certificate unknown: SSL alert number 46, session=<QsFS+NWkOd0BotH5>
May  5 01:36:25 mail dovecot: imap-login: Disconnected (no auth attempts in 5 secs): user=<>, rip=103.233.10.224, lip=140.131.149.3, TLS handshaking: Connection closed, session=<5apd+NWkAcZn6Qrg>
May  5 01:36:25 mail dovecot: imap-login: Disconnected (no auth attempts in 0 secs): user=<>, rip=103.233.10.224, lip=140.131.149.3, TLS handshaking: SSL_accept() failed: error:140760FC:SSL routines:SSL23_GET_CLIENT_HELLO:unknown protocol, session=<yndj+NWkR8Zn6Qrg>
May  5 01:36:26 mail dovecot: imap-login: Disconnected (no auth attempts in 0 secs): user=<>, rip=103.233.10.224, lip=140.131.149.3, TLS handshaking: SSL_accept() failed: error:140760FC:SSL routines:SSL23_GET_CLIENT_HELLO:unknown protocol, session=<DyNs+NWkTcZn6Qrg>
May  5 01:36:26 mail dovecot: imap-login: Disconnected (no auth attempts in 0 secs): user=<>, rip=103.233.10.224, lip=140.131.149.3, TLS handshaking: SSL_accept() failed: error:140760FC:SSL routines:SSL23_GET_CLIENT_HELLO:unknown protocol, session=<nct0+NWkU8Zn6Qrg>
May  5 01:36:27 mail dovecot: imap-login: Disconnected (no auth attempts in 0 secs): user=<>, rip=103.233.10.224, lip=140.131.149.3, TLS handshaking: SSL_accept() failed: error:140760FC:SSL routines:SSL23_GET_CLIENT_HELLO:unknown protocol, session=<RU99+NWkWsZn6Qrg>
May  5 01:36:28 mail dovecot: imap-login: Disconnected (no auth attempts in 1 secs): user=<>, rip=103.233.10.224, lip=140.131.149.3, TLS handshaking: SSL_accept() failed: error:140760FC:SSL routines:SSL23_GET_CLIENT_HELLO:unknown protocol, session=<MN2F+NWkYMZn6Qrg>
May  5 01:36:28 mail dovecot: imap-login: Disconnected (no auth attempts in 0 secs): user=<>, rip=103.233.10.224, lip=140.131.149.3, TLS handshaking: SSL_accept() failed: error:140760FC:SSL routines:SSL23_GET_CLIENT_HELLO:unknown protocol, session=<3GSO+NWkY8Zn6Qrg>
May  5 01:36:29 mail dovecot: imap-login: Disconnected (no auth attempts in 0 secs): user=<>, rip=103.233.10.224, lip=140.131.149.3, TLS handshaking: SSL_accept() failed: error:140760FC:SSL routines:SSL23_GET_CLIENT_HELLO:unknown protocol, session=<8fKW+NWkacZn6Qrg>
May  5 01:36:34 mail dovecot: imap-login: Disconnected (no auth attempts in 5 secs): user=<>, rip=103.233.10.224, lip=140.131.149.3, TLS handshaking: Connection closed, session=<kf7o+NWkbcZn6Qrg>
May  5 01:36:34 mail dovecot: imap-login: Disconnected (no auth attempts in 0 secs): user=<>, rip=103.233.10.224, lip=140.131.149.3, TLS handshaking: SSL_accept() failed: error:140760FC:SSL routines:SSL23_GET_CLIENT_HELLO:unknown protocol, session=<W6ju+NWkocZn6Qrg>
May  5 01:36:35 mail dovecot: imap-login: Disconnected (no auth attempts in 0 secs): user=<>, rip=103.233.10.224, lip=140.131.149.3, TLS handshaking: SSL_accept() failed: error:140760FC:SSL routines:SSL23_GET_CLIENT_HELLO:unknown protocol, session=<Ujr3+NWkqsZn6Qrg>
May  5 01:36:36 mail dovecot: imap-login: Disconnected (no auth attempts in 1 secs): user=<>, rip=103.233.10.224, lip=140.131.149.3, TLS handshaking: SSL_accept() failed: error:140760FC:SSL routines:SSL23_GET_CLIENT_HELLO:unknown protocol, session=<PuX/+NWktsZn6Qrg>
May  5 01:36:36 mail dovecot: imap-login: Disconnected (no auth attempts in 0 secs): user=<>, rip=103.233.10.224, lip=140.131.149.3, TLS handshaking: SSL_accept() failed: error:140760FC:SSL routines:SSL23_GET_CLIENT_HELLO:unknown protocol, session=<AIsI+dWku8Zn6Qrg>
May  5 01:36:37 mail dovecot: imap-login: Disconnected (no auth attempts in 0 secs): user=<>, rip=103.233.10.224, lip=140.131.149.3, TLS handshaking: SSL_accept() failed: error:140760FC:SSL routines:SSL23_GET_CLIENT_HELLO:unknown protocol, session=<ZkQR+dWkwsZn6Qrg>
May  5 01:36:50 mail postfix/smtpd[70175]: connect from unknown[103.61.198.122]
May  5 01:36:52 mail postfix/smtpd[70175]: NOQUEUE: reject: RCPT from unknown[103.61.198.122]: 554 5.7.1 Service unavailable; Client host [103.61.198.122] blocked using zen.spamhaus.org; https://www.spamhaus.org/query/ip/103.61.198.122 / https://www.spamhaus.org/sbl/query/SBLCSS; from=<PatrickBrown@liquidus.it> to=<adachu@hs.ntnu.edu.tw> proto=ESMTP helo=<liquidus.it>
May  5 01:36:53 mail postfix/smtpd[70175]: lost connection after RCPT from unknown[103.61.198.122]
May  5 01:36:53 mail postfix/smtpd[70175]: disconnect from unknown[103.61.198.122] ehlo=1 mail=1 rcpt=0/1 commands=2/3
May  5 01:37:21 mail dovecot: imap-login: Disconnected (no auth attempts in 0 secs): user=<>, rip=1.162.209.249, lip=140.131.149.3, TLS handshaking: SSL_accept() failed: error:14094416:SSL routines:ssl3_read_bytes:sslv3 alert certificate unknown: SSL alert number 46, session=<Teyz+9WkO90BotH5>
May  5 01:37:25 mail dovecot: imap-login: Disconnected (no auth attempts in 1 secs): user=<>, rip=1.162.209.249, lip=140.131.149.3, TLS handshaking: SSL_accept() failed: error:14094416:SSL routines:ssl3_read_bytes:sslv3 alert certificate unknown: SSL alert number 46, session=</VDy+9WkPN0BotH5>
May  5 01:37:36 mail postfix/smtpd[70175]: warning: hostname 69.2.dialup.mari-el.ru does not resolve to address 77.40.2.69: hostname nor servname provided, or not known
May  5 01:37:36 mail postfix/smtpd[70175]: connect from unknown[77.40.2.69]
May  5 01:37:39 mail postfix/smtpd[70175]: warning: unknown[77.40.2.69]: SASL PLAIN authentication failed: 
May  5 01:37:43 mail postfix/smtpd[70175]: lost connection after AUTH from unknown[77.40.2.69]
May  5 01:37:43 mail postfix/smtpd[70175]: disconnect from unknown[77.40.2.69] ehlo=1 auth=0/2 commands=1/3
May  5 01:38:08 mail postfix/smtpd[70175]: connect from mta6.e.fanatics.com[207.250.68.250]
May  5 01:38:09 mail postfix/smtpd[70175]: Anonymous TLS connection established from mta6.e.fanatics.com[207.250.68.250]: TLSv1.2 with cipher ECDHE-RSA-AES256-GCM-SHA384 (256/256 bits)
May  5 01:38:13 mail postfix/smtpd[70175]: 54F251D1C0D: client=mta6.e.fanatics.com[207.250.68.250]
May  5 01:38:13 mail postfix/cleanup[70184]: 54F251D1C0D: message-id=<6b8f8a90-d876-4b81-a8af-1f24217395b6@ind1s01mta1124.xt.local>
May  5 01:38:14 mail postfix/smtpd[70185]: connect from slot0.foodexpellll.ga[89.32.41.146]
May  5 01:38:14 mail postfix/qmgr[68914]: 54F251D1C0D: from=<bounce-316_HTML-338153304-1933166-10990156-8722@bounce.e.fanaticsretailgroup.com>, size=43496, nrcpt=1 (queue active)
May  5 01:38:14 mail bogofilter[70190]: X-Bogosity: Spam, spamicity=1.000000, version=1.2.5.rc1
May  5 01:38:14 mail postfix/pickup[69270]: 5203F1D1C11: uid=800 from=<bounce-316_HTML-338153304-1933166-10990156-8722@bounce.e.fanaticsretailgroup.com>
May  5 01:38:14 mail postfix/cleanup[70184]: 5203F1D1C11: message-id=<6b8f8a90-d876-4b81-a8af-1f24217395b6@ind1s01mta1124.xt.local>
May  5 01:38:14 mail postfix/pipe[70186]: 54F251D1C0D: to=<liu912@hs.ntnu.edu.tw>, relay=bogofilter, delay=4.2, delays=4.1/0.01/0/0.1, dsn=2.0.0, status=sent (delivered via bogofilter service)
May  5 01:38:14 mail postfix/qmgr[68914]: 54F251D1C0D: removed
May  5 01:38:14 mail postfix/qmgr[68914]: 5203F1D1C11: from=<bounce-316_HTML-338153304-1933166-10990156-8722@bounce.e.fanaticsretailgroup.com>, size=43688, nrcpt=1 (queue active)
May  5 01:38:14 mail dovecot: lda(liu912@hs.ntnu.edu.tw)<70194><it2VGQZTsF4yEgEAdo0elA>: sieve: msgid=<6b8f8a90-d876-4b81-a8af-1f24217395b6@ind1s01mta1124.xt.local>: stored mail into mailbox 'Junk'
May  5 01:38:14 mail postfix/pipe[70193]: 5203F1D1C11: to=<liu912@hs.ntnu.edu.tw>, relay=dovecot, delay=0.32, delays=0.07/0.01/0/0.24, dsn=2.0.0, status=sent (delivered via dovecot service)
May  5 01:38:14 mail postfix/qmgr[68914]: 5203F1D1C11: removed
May  5 01:38:14 mail postfix/smtpd[70175]: disconnect from mta6.e.fanatics.com[207.250.68.250] ehlo=2 starttls=1 mail=1 rcpt=1 data=1 quit=1 commands=7
May  5 01:38:15 mail postfix/smtpd[70185]: Anonymous TLS connection established from slot0.foodexpellll.ga[89.32.41.146]: TLSv1.2 with cipher ECDHE-RSA-AES256-GCM-SHA384 (256/256 bits)
May  5 01:38:15 mail postfix/smtpd[70185]: NOQUEUE: reject: RCPT from slot0.foodexpellll.ga[89.32.41.146]: 554 5.7.1 Service unavailable; Client host [89.32.41.146] blocked using zen.spamhaus.org; https://www.spamhaus.org/sbl/query/SBLCSS; from=<filmartinez@hotmail.com> to=<nimaku@hs.ntnu.edu.tw> proto=ESMTP helo=<slot0.foodexpellll.ga>
May  5 01:38:16 mail postfix/smtpd[70185]: disconnect from slot0.foodexpellll.ga[89.32.41.146] ehlo=2 starttls=1 mail=1 rcpt=0/1 quit=1 commands=5/6
May  5 01:38:22 mail dovecot: imap-login: Disconnected (no auth attempts in 1 secs): user=<>, rip=1.162.209.249, lip=140.131.149.3, TLS handshaking: SSL_accept() failed: error:14094416:SSL routines:ssl3_read_bytes:sslv3 alert certificate unknown: SSL alert number 46, session=<FytT/9WkPd0BotH5>
May  5 01:38:22 mail dovecot: imap-login: Disconnected (no auth attempts in 0 secs): user=<>, rip=1.162.209.249, lip=140.131.149.3, TLS handshaking: SSL_accept() failed: error:14094416:SSL routines:ssl3_read_bytes:sslv3 alert certificate unknown: SSL alert number 46, session=<kXVf/9WkPt0BotH5>
May  5 01:38:39 mail dovecot: imap-login: Login: user=<i0818@hs.ntnu.edu.tw>, method=PLAIN, rip=36.231.107.69, lip=140.131.149.3, mpid=70199, TLS, session=<CulbANak9vQk52tF>
May  5 01:38:39 mail dovecot: imap-login: Login: user=<i0818@hs.ntnu.edu.tw>, method=PLAIN, rip=36.231.107.69, lip=140.131.149.3, mpid=70202, TLS, session=<4U9cANak/fQk52tF>
May  5 01:38:39 mail dovecot: imap-login: Login: user=<i0818@hs.ntnu.edu.tw>, method=PLAIN, rip=36.231.107.69, lip=140.131.149.3, mpid=70206, TLS, session=<UcpfANak/vQk52tF>
May  5 01:38:51 mail dovecot: imap(i0818@hs.ntnu.edu.tw)<70199><CulbANak9vQk52tF>: Connection closed (STATUS finished 11.980 secs ago) in=325 out=1884 deleted=0 expunged=0 trashed=0 hdr_count=0 hdr_bytes=0 body_count=0 body_bytes=0
May  5 01:38:51 mail dovecot: imap(i0818@hs.ntnu.edu.tw)<70206><UcpfANak/vQk52tF>: Connection closed (UID SEARCH finished 11.972 secs ago) in=233 out=2045 deleted=0 expunged=0 trashed=0 hdr_count=0 hdr_bytes=0 body_count=0 body_bytes=0
May  5 01:38:51 mail dovecot: imap(i0818@hs.ntnu.edu.tw)<70202><4U9cANak/fQk52tF>: Connection closed (IDLE finished 12.251 secs ago) in=71 out=990 deleted=0 expunged=0 trashed=0 hdr_count=0 hdr_bytes=0 body_count=0 body_bytes=0
May  5 01:39:21 mail dovecot: imap-login: Disconnected (no auth attempts in 0 secs): user=<>, rip=1.162.209.249, lip=140.131.149.3, TLS handshaking: SSL_accept() failed: error:14094416:SSL routines:ssl3_read_bytes:sslv3 alert certificate unknown: SSL alert number 46, session=<P4PdAtakQd0BotH5>
May  5 01:39:25 mail dovecot: imap-login: Disconnected (no auth attempts in 3 secs): user=<>, rip=1.162.209.249, lip=140.131.149.3, TLS handshaking: SSL_accept() failed: error:14094416:SSL routines:ssl3_read_bytes:sslv3 alert certificate unknown: SSL alert number 46, session=<rSYYA9akQt0BotH5>
May  5 01:39:28 mail dovecot: imap-login: Disconnected (no auth attempts in 0 secs): user=<>, rip=118.168.76.130, lip=140.131.149.3, TLS handshaking: SSL_accept() failed: error:14094416:SSL routines:ssl3_read_bytes:sslv3 alert certificate unknown: SSL alert number 46, session=<UvpFA9akdLV2qEyC>
May  5 01:39:28 mail dovecot: imap-login: Disconnected (no auth attempts in 0 secs): user=<>, rip=118.168.76.130, lip=140.131.149.3, TLS, session=<74BHA9akdrV2qEyC>
May  5 01:39:28 mail dovecot: imap-login: Disconnected (no auth attempts in 0 secs): user=<>, rip=118.168.76.130, lip=140.131.149.3, TLS handshaking: SSL_accept() failed: error:14094416:SSL routines:ssl3_read_bytes:sslv3 alert certificate unknown: SSL alert number 46, session=<nTRMA9akeLV2qEyC>
May  5 01:39:29 mail dovecot: imap-login: Disconnected (no auth attempts in 1 secs): user=<>, rip=118.168.76.130, lip=140.131.149.3, TLS handshaking: SSL_accept() failed: error:14094416:SSL routines:ssl3_read_bytes:sslv3 alert certificate unknown: SSL alert number 46, session=<4/1OA9akerV2qEyC>
May  5 01:39:29 mail dovecot: imap-login: Disconnected (no auth attempts in 0 secs): user=<>, rip=118.168.76.130, lip=140.131.149.3, TLS handshaking: SSL_accept() failed: error:14094416:SSL routines:ssl3_read_bytes:sslv3 alert certificate unknown: SSL alert number 46, session=<I7BPA9akfLV2qEyC>
May  5 01:39:29 mail dovecot: imap-login: Disconnected (no auth attempts in 0 secs): user=<>, rip=118.168.76.130, lip=140.131.149.3, TLS handshaking: SSL_accept() failed: error:14094416:SSL routines:ssl3_read_bytes:sslv3 alert certificate unknown: SSL alert number 46, session=<s2tQA9akfrV2qEyC>
May  5 01:39:55 mail dovecot: auth: Warning: auth client 0 disconnected with 1 pending requests: EOF
May  5 01:40:22 mail dovecot: imap-login: Disconnected (no auth attempts in 0 secs): user=<>, rip=1.162.209.249, lip=140.131.149.3, TLS handshaking: SSL_accept() failed: error:14094416:SSL routines:ssl3_read_bytes:sslv3 alert certificate unknown: SSL alert number 46, session=<umB/BtakQ90BotH5>
May  5 01:40:23 mail dovecot: imap-login: Disconnected (no auth attempts in 1 secs): user=<>, rip=1.162.209.249, lip=140.131.149.3, TLS handshaking: SSL_accept() failed: error:14094416:SSL routines:ssl3_read_bytes:sslv3 alert certificate unknown: SSL alert number 46, session=<qKqIBtakRN0BotH5>
May  5 01:41:10 mail dovecot: imap-login: Login: user=<iblis@hs.ntnu.edu.tw>, method=PLAIN, rip=140.113.229.31, lip=140.131.149.3, mpid=70225, TLS, session=<aghYCdak48qMceUf>
May  5 01:41:10 mail dovecot: imap(iblis@hs.ntnu.edu.tw)<70225><aghYCdak48qMceUf>: Error: stat(/var/vmail/hs.ntnu.edu.tw/iblis/.dovecot.sieve/tmp) failed: Not a directory
May  5 01:41:16 mail dovecot: imap-login: Login: user=<iblis@hs.ntnu.edu.tw>, method=PLAIN, rip=140.113.229.31, lip=140.131.149.3, mpid=70230, TLS, session=<+Au4Cdak5sqMceUf>
May  5 01:41:18 mail dovecot: imap-login: Disconnected (auth failed, 1 attempts in 2 secs): user=<asd0026568956@hs.ntnu.edu.tw>, method=PLAIN, rip=127.0.0.1, lip=127.0.0.1, secured, session=<wAiwCdakB/5/AAAB>
May  5 01:41:18 mail in.imapproxyd[4820]: IMAP_Line_Read(): connection closed prematurely.
May  5 01:41:19 mail dovecot: imap-login: Login: user=<iblis@hs.ntnu.edu.tw>, method=PLAIN, rip=140.113.229.31, lip=140.131.149.3, mpid=70234, TLS, session=<ssfhCdak6MqMceUf>
May  5 01:41:19 mail dovecot: imap(iblis@hs.ntnu.edu.tw)<70234><ssfhCdak6MqMceUf>: Error: stat(/var/vmail/hs.ntnu.edu.tw/iblis/.dovecot.sieve/tmp) failed: Not a directory
May  5 01:41:20 mail dovecot: imap(iblis@hs.ntnu.edu.tw)<70230><+Au4Cdak5sqMceUf>: Logged out in=270 out=1946 deleted=0 expunged=0 trashed=0 hdr_count=0 hdr_bytes=0 body_count=0 body_bytes=0
May  5 01:41:21 mail dovecot: imap-login: Disconnected (no auth attempts in 0 secs): user=<>, rip=1.162.209.249, lip=140.131.149.3, TLS handshaking: SSL_accept() failed: error:14094416:SSL routines:ssl3_read_bytes:sslv3 alert certificate unknown: SSL alert number 46, session=<+I8CCtakR90BotH5>
May  5 01:41:22 mail dovecot: imap-login: Disconnected (no auth attempts in 0 secs): user=<>, rip=1.162.209.249, lip=140.131.149.3, TLS handshaking: SSL_accept() failed: error:14094416:SSL routines:ssl3_read_bytes:sslv3 alert certificate unknown: SSL alert number 46, session=<LZkUCtakSN0BotH5>
May  5 01:41:23 mail dovecot: imap-login: Login: user=<iblis@hs.ntnu.edu.tw>, method=PLAIN, rip=140.113.229.31, lip=140.131.149.3, mpid=70240, TLS, session=<92ohCtak68qMceUf>
May  5 01:41:23 mail dovecot: imap(iblis@hs.ntnu.edu.tw)<70240><92ohCtak68qMceUf>: Logged out in=96 out=521 deleted=0 expunged=0 trashed=0 hdr_count=0 hdr_bytes=0 body_count=0 body_bytes=0
May  5 01:41:36 mail postfix/anvil[70113]: statistics: max connection rate 1/60s for (smtp:140.122.65.35) at May  5 01:33:54
May  5 01:41:36 mail postfix/anvil[70113]: statistics: max connection count 1 for (smtp:140.122.65.35) at May  5 01:33:54
May  5 01:41:36 mail postfix/anvil[70113]: statistics: max cache size 3 at May  5 01:38:14
May  5 01:42:23 mail dovecot: imap-login: Disconnected (no auth attempts in 1 secs): user=<>, rip=1.162.209.249, lip=140.131.149.3, TLS handshaking: SSL_accept() failed: error:14094416:SSL routines:ssl3_read_bytes:sslv3 alert certificate unknown: SSL alert number 46, session=<hcOyDdakT90BotH5>
May  5 01:42:24 mail dovecot: imap-login: Disconnected (no auth attempts in 0 secs): user=<>, rip=1.162.209.249, lip=140.131.149.3, TLS handshaking: SSL_accept() failed: error:14094416:SSL routines:ssl3_read_bytes:sslv3 alert certificate unknown: SSL alert number 46, session=<3//JDdakUN0BotH5>
May  5 01:43:02 mail dovecot: imap-login: Login: user=<iblis@hs.ntnu.edu.tw>, method=PLAIN, rip=140.113.229.31, lip=140.131.149.3, mpid=70249, TLS, session=<KvwCENak7MqMceUf>
May  5 01:43:02 mail dovecot: imap-login: Login: user=<iblis@hs.ntnu.edu.tw>, method=PLAIN, rip=140.113.229.31, lip=140.131.149.3, mpid=70252, TLS, session=<X24DENak7cqMceUf>
May  5 01:43:02 mail dovecot: imap(iblis@hs.ntnu.edu.tw)<70249><KvwCENak7MqMceUf>: Logged out in=407 out=1465 deleted=0 expunged=0 trashed=0 hdr_count=0 hdr_bytes=0 body_count=0 body_bytes=0
May  5 01:43:02 mail dovecot: imap(iblis@hs.ntnu.edu.tw)<70252><X24DENak7cqMceUf>: Logged out in=386 out=1414 deleted=0 expunged=0 trashed=0 hdr_count=0 hdr_bytes=0 body_count=0 body_bytes=0
May  5 01:43:02 mail dovecot: imap-login: Login: user=<iblis@hs.ntnu.edu.tw>, method=PLAIN, rip=140.113.229.31, lip=140.131.149.3, mpid=70256, TLS, session=<4mEJENak7sqMceUf>
May  5 01:43:02 mail dovecot: imap(iblis@hs.ntnu.edu.tw)<70256><4mEJENak7sqMceUf>: Logged out in=427 out=2015 deleted=0 expunged=0 trashed=0 hdr_count=0 hdr_bytes=0 body_count=0 body_bytes=0
May  5 01:43:02 mail dovecot: imap-login: Login: user=<iblis@hs.ntnu.edu.tw>, method=PLAIN, rip=140.113.229.31, lip=140.131.149.3, mpid=70260, TLS, session=<JX0NENak78qMceUf>
May  5 01:43:03 mail dovecot: imap-login: Login: user=<iblis@hs.ntnu.edu.tw>, method=PLAIN, rip=140.113.229.31, lip=140.131.149.3, mpid=70264, TLS, session=<giQQENak8MqMceUf>
May  5 01:43:03 mail dovecot: imap(iblis@hs.ntnu.edu.tw)<70264><giQQENak8MqMceUf>: Logged out in=364 out=1387 deleted=0 expunged=0 trashed=0 hdr_count=0 hdr_bytes=0 body_count=0 body_bytes=0
May  5 01:43:03 mail dovecot: imap(iblis@hs.ntnu.edu.tw)<70260><JX0NENak78qMceUf>: Logged out in=453 out=1727 deleted=0 expunged=0 trashed=0 hdr_count=0 hdr_bytes=0 body_count=0 body_bytes=0
May  5 01:43:03 mail dovecot: imap-login: Login: user=<iblis@hs.ntnu.edu.tw>, method=PLAIN, rip=140.113.229.31, lip=140.131.149.3, mpid=70268, TLS, session=<b5MdENak8cqMceUf>
May  5 01:43:04 mail dovecot: imap(iblis@hs.ntnu.edu.tw)<70268><b5MdENak8cqMceUf>: Logged out in=415 out=1450 deleted=0 expunged=0 trashed=0 hdr_count=0 hdr_bytes=0 body_count=0 body_bytes=0
May  5 01:43:04 mail dovecot: imap-login: Login: user=<iblis@hs.ntnu.edu.tw>, method=PLAIN, rip=140.113.229.31, lip=140.131.149.3, mpid=70273, TLS, session=<8fEgENak8sqMceUf>
May  5 01:43:04 mail dovecot: imap(iblis@hs.ntnu.edu.tw)<70273><8fEgENak8sqMceUf>: Logged out in=413 out=1462 deleted=0 expunged=0 trashed=0 hdr_count=0 hdr_bytes=0 body_count=0 body_bytes=0
May  5 01:43:04 mail dovecot: imap-login: Login: user=<iblis@hs.ntnu.edu.tw>, method=PLAIN, rip=140.113.229.31, lip=140.131.149.3, mpid=70276, TLS, session=<X6gjENak88qMceUf>
May  5 01:43:04 mail dovecot: imap(iblis@hs.ntnu.edu.tw)<70276><X6gjENak88qMceUf>: Logged out in=430 out=1461 deleted=0 expunged=0 trashed=0 hdr_count=0 hdr_bytes=0 body_count=0 body_bytes=0
May  5 01:43:04 mail dovecot: imap-login: Login: user=<iblis@hs.ntnu.edu.tw>, method=PLAIN, rip=140.113.229.31, lip=140.131.149.3, mpid=70280, TLS, session=<ljYnENak9MqMceUf>
May  5 01:43:05 mail dovecot: imap(iblis@hs.ntnu.edu.tw)<70280><ljYnENak9MqMceUf>: Logged out in=723 out=3899 deleted=0 expunged=0 trashed=0 hdr_count=2 hdr_bytes=1668 body_count=0 body_bytes=0
May  5 01:43:05 mail dovecot: imap-login: Login: user=<iblis@hs.ntnu.edu.tw>, method=PLAIN, rip=140.113.229.31, lip=140.131.149.3, mpid=70284, TLS, session=<K701ENak9cqMceUf>
May  5 01:43:11 mail postfix/smtpd[70287]: connect from hermes.apache.org[207.244.88.153]
May  5 01:43:13 mail postfix/smtpd[70287]: 41D061D1C0D: client=hermes.apache.org[207.244.88.153]
May  5 01:43:14 mail postfix/cleanup[70291]: 41D061D1C0D: message-id=<CAJd=5HZHm=uY_EdqWHcOPin2SH+cYtS1EkFrg2e81XS5VKHkpg@mail.gmail.com>
May  5 01:43:14 mail postfix/qmgr[68914]: 41D061D1C0D: from=<dev-return-49323-iblis=hs.ntnu.edu.tw@couchdb.apache.org>, size=7253, nrcpt=1 (queue active)
May  5 01:43:14 mail bogofilter[70296]: X-Bogosity: Ham, spamicity=0.500840, version=1.2.5.rc1
May  5 01:43:14 mail postfix/pickup[69270]: 218B51D1C11: uid=800 from=<dev-return-49323-iblis=hs.ntnu.edu.tw@couchdb.apache.org>
May  5 01:43:14 mail postfix/cleanup[70291]: 218B51D1C11: message-id=<CAJd=5HZHm=uY_EdqWHcOPin2SH+cYtS1EkFrg2e81XS5VKHkpg@mail.gmail.com>
May  5 01:43:14 mail postfix/pipe[70292]: 41D061D1C0D: to=<iblis@hs.ntnu.edu.tw>, relay=bogofilter, delay=2.4, delays=2.3/0.01/0/0.08, dsn=2.0.0, status=sent (delivered via bogofilter service)
May  5 01:43:14 mail postfix/qmgr[68914]: 41D061D1C0D: removed
May  5 01:43:14 mail postfix/qmgr[68914]: 218B51D1C11: from=<dev-return-49323-iblis=hs.ntnu.edu.tw@couchdb.apache.org>, size=7444, nrcpt=1 (queue active)
May  5 01:43:14 mail postfix/smtpd[70287]: disconnect from hermes.apache.org[207.244.88.153] helo=1 mail=1 rcpt=1 data=1 quit=1 commands=5
May  5 01:43:14 mail dovecot: lda(iblis@hs.ntnu.edu.tw)<70300><UDpGDTJUsF6cEgEAdo0elA>: sieve: msgid=<CAJd=5HZHm=uY_EdqWHcOPin2SH+cYtS1EkFrg2e81XS5VKHkpg@mail.gmail.com>: stored mail into mailbox 'CouchDB.dev'
May  5 01:43:14 mail postfix/pipe[70299]: 218B51D1C11: to=<iblis@hs.ntnu.edu.tw>, relay=dovecot, delay=0.38, delays=0.08/0.01/0/0.29, dsn=2.0.0, status=sent (delivered via dovecot service)
May  5 01:43:14 mail postfix/qmgr[68914]: 218B51D1C11: removed
May  5 01:43:22 mail dovecot: imap-login: Disconnected (no auth attempts in 1 secs): user=<>, rip=1.162.209.249, lip=140.131.149.3, TLS handshaking: SSL_accept() failed: error:14094416:SSL routines:ssl3_read_bytes:sslv3 alert certificate unknown: SSL alert number 46, session=<za0yEdakUt0BotH5>
May  5 01:43:22 mail dovecot: imap-login: Disconnected (no auth attempts in 0 secs): user=<>, rip=1.162.209.249, lip=140.131.149.3, TLS handshaking: SSL_accept() failed: error:14094416:SSL routines:ssl3_read_bytes:sslv3 alert certificate unknown: SSL alert number 46, session=<inc8EdakU90BotH5>
May  5 01:43:26 mail dovecot: imap-login: Login: user=<iblis@hs.ntnu.edu.tw>, method=PLAIN, rip=140.113.229.31, lip=140.131.149.3, mpid=70305, TLS, session=<N3JxEdakFcuMceUf>
May  5 01:43:26 mail dovecot: imap(iblis@hs.ntnu.edu.tw)<70305><N3JxEdakFcuMceUf>: Logged out in=372 out=1390 deleted=0 expunged=0 trashed=0 hdr_count=0 hdr_bytes=0 body_count=0 body_bytes=0
May  5 01:43:26 mail dovecot: imap-login: Login: user=<iblis@hs.ntnu.edu.tw>, method=PLAIN, rip=140.113.229.31, lip=140.131.149.3, mpid=70308, TLS, session=<xGBzEdakFsuMceUf>
May  5 01:43:26 mail dovecot: imap(iblis@hs.ntnu.edu.tw)<70308><xGBzEdakFsuMceUf>: Logged out in=447 out=1495 deleted=0 expunged=0 trashed=0 hdr_count=0 hdr_bytes=0 body_count=0 body_bytes=0
May  5 01:43:26 mail dovecot: imap-login: Login: user=<iblis@hs.ntnu.edu.tw>, method=PLAIN, rip=140.113.229.31, lip=140.131.149.3, mpid=70312, TLS, session=<l/l4EdakF8uMceUf>
May  5 01:43:26 mail dovecot: imap(iblis@hs.ntnu.edu.tw)<70312><l/l4EdakF8uMceUf>: Logged out in=420 out=1466 deleted=0 expunged=0 trashed=0 hdr_count=0 hdr_bytes=0 body_count=0 body_bytes=0
May  5 01:43:27 mail dovecot: imap-login: Login: user=<iblis@hs.ntnu.edu.tw>, method=PLAIN, rip=140.113.229.31, lip=140.131.149.3, mpid=70316, TLS, session=<epuAEdakGMuMceUf>
May  5 01:43:27 mail dovecot: imap-login: Login: user=<iblis@hs.ntnu.edu.tw>, method=PLAIN, rip=140.113.229.31, lip=140.131.149.3, mpid=70320, TLS, session=<jv2HEdakGcuMceUf>
May  5 01:43:28 mail dovecot: imap(iblis@hs.ntnu.edu.tw)<70316><epuAEdakGMuMceUf>: Logged out in=528 out=1635 deleted=0 expunged=0 trashed=0 hdr_count=0 hdr_bytes=0 body_count=0 body_bytes=0
May  5 01:43:28 mail dovecot: imap(iblis@hs.ntnu.edu.tw)<70320><jv2HEdakGcuMceUf>: Logged out in=452 out=2063 deleted=0 expunged=0 trashed=0 hdr_count=0 hdr_bytes=0 body_count=0 body_bytes=0
May  5 01:43:30 mail dovecot: imap-login: Login: user=<iblis@hs.ntnu.edu.tw>, method=PLAIN, rip=140.113.229.31, lip=140.131.149.3, mpid=70324, TLS, session=<FXy2EdakGsuMceUf>
May  5 01:43:30 mail dovecot: imap(iblis@hs.ntnu.edu.tw)<70324><FXy2EdakGsuMceUf>: Logged out in=357 out=1403 deleted=0 expunged=0 trashed=0 hdr_count=0 hdr_bytes=0 body_count=0 body_bytes=0
May  5 01:43:31 mail dovecot: imap-login: Login: user=<iblis@hs.ntnu.edu.tw>, method=PLAIN, rip=140.113.229.31, lip=140.131.149.3, mpid=70329, TLS, session=<ubO9EdakG8uMceUf>
May  5 01:43:31 mail dovecot: imap-login: Login: user=<iblis@hs.ntnu.edu.tw>, method=PLAIN, rip=140.113.229.31, lip=140.131.149.3, mpid=70332, TLS, session=<1TC+EdakHMuMceUf>
May  5 01:43:31 mail dovecot: imap(iblis@hs.ntnu.edu.tw)<70332><1TC+EdakHMuMceUf>: Logged out in=387 out=1350 deleted=0 expunged=0 trashed=0 hdr_count=0 hdr_bytes=0 body_count=0 body_bytes=0
May  5 01:43:31 mail dovecot: imap(iblis@hs.ntnu.edu.tw)<70329><ubO9EdakG8uMceUf>: Logged out in=460 out=1578 deleted=0 expunged=0 trashed=0 hdr_count=0 hdr_bytes=0 body_count=0 body_bytes=0
May  5 01:43:31 mail dovecot: imap-login: Login: user=<iblis@hs.ntnu.edu.tw>, method=PLAIN, rip=140.113.229.31, lip=140.131.149.3, mpid=70337, TLS, session=<jbrEEdakHcuMceUf>
May  5 01:43:31 mail dovecot: imap-login: Login: user=<iblis@hs.ntnu.edu.tw>, method=PLAIN, rip=140.113.229.31, lip=140.131.149.3, mpid=70340, TLS, session=<c07GEdakHsuMceUf>
May  5 01:43:31 mail dovecot: imap(iblis@hs.ntnu.edu.tw)<70337><jbrEEdakHcuMceUf>: Logged out in=358 out=1369 deleted=0 expunged=0 trashed=0 hdr_count=0 hdr_bytes=0 body_count=0 body_bytes=0
May  5 01:43:31 mail dovecot: imap(iblis@hs.ntnu.edu.tw)<70340><c07GEdakHsuMceUf>: Logged out in=371 out=1400 deleted=0 expunged=0 trashed=0 hdr_count=0 hdr_bytes=0 body_count=0 body_bytes=0
May  5 01:43:39 mail dovecot: imap-login: Login: user=<iblis@hs.ntnu.edu.tw>, method=PLAIN, rip=140.113.229.31, lip=140.131.149.3, mpid=70344, TLS, session=<RM0+EtakH8uMceUf>
May  5 01:43:40 mail dovecot: imap-login: Login: user=<iblis@hs.ntnu.edu.tw>, method=PLAIN, rip=140.113.229.31, lip=140.131.149.3, mpid=70348, TLS, session=<ojVFEtakIMuMceUf>
May  5 01:43:40 mail dovecot: imap-login: Login: user=<iblis@hs.ntnu.edu.tw>, method=PLAIN, rip=140.113.229.31, lip=140.131.149.3, mpid=70352, TLS, session=<LQtLEtakIcuMceUf>
May  5 01:43:40 mail dovecot: imap(iblis@hs.ntnu.edu.tw)<70352><LQtLEtakIcuMceUf>: Logged out in=140 out=1727 deleted=0 expunged=0 trashed=0 hdr_count=0 hdr_bytes=0 body_count=1 body_bytes=752
May  5 01:43:42 mail dovecot: imap(t35136@hs.ntnu.edu.tw)<69890><Rs6RoNWkm8PcifBX>: Disconnected for inactivity in=171 out=5094 deleted=0 expunged=0 trashed=0 hdr_count=0 hdr_bytes=0 body_count=0 body_bytes=0
May  5 01:43:42 mail postfix/smtpd[70287]: connect from maile-he.linkedin.com[108.174.0.205]
May  5 01:43:43 mail postfix/smtpd[70287]: Anonymous TLS connection established from maile-he.linkedin.com[108.174.0.205]: TLSv1.2 with cipher ECDHE-RSA-AES256-GCM-SHA384 (256/256 bits)
May  5 01:43:44 mail postfix/smtpd[70287]: 9A8FF1D1C0D: client=maile-he.linkedin.com[108.174.0.205]
May  5 01:43:45 mail postfix/cleanup[70291]: 9A8FF1D1C0D: message-id=<974885619.3754282.1588614219693.JavaMail.app@lor1-app44793.prod.linkedin.com>
May  5 01:43:45 mail postfix/qmgr[68914]: 9A8FF1D1C0D: from=<s-2q2kjkckzs2iyfuhsstv9vo1qajcd9vk4gayfpcneckkkbbcoxudcjzl@bounce.linkedin.com>, size=86861, nrcpt=1 (queue active)
May  5 01:43:46 mail bogofilter[70358]: X-Bogosity: Ham, spamicity=0.500035, version=1.2.5.rc1
May  5 01:43:46 mail postfix/pickup[69270]: 165551D1C15: uid=800 from=<s-2q2kjkckzs2iyfuhsstv9vo1qajcd9vk4gayfpcneckkkbbcoxudcjzl@bounce.linkedin.com>
May  5 01:43:46 mail postfix/cleanup[70291]: 165551D1C15: message-id=<974885619.3754282.1588614219693.JavaMail.app@lor1-app44793.prod.linkedin.com>
May  5 01:43:46 mail postfix/pipe[70292]: 9A8FF1D1C0D: to=<mystyle@hs.ntnu.edu.tw>, relay=bogofilter, delay=2.2, delays=1.7/0/0/0.44, dsn=2.0.0, status=sent (delivered via bogofilter service)
May  5 01:43:46 mail postfix/qmgr[68914]: 9A8FF1D1C0D: removed
May  5 01:43:46 mail postfix/qmgr[68914]: 165551D1C15: from=<s-2q2kjkckzs2iyfuhsstv9vo1qajcd9vk4gayfpcneckkkbbcoxudcjzl@bounce.linkedin.com>, size=87052, nrcpt=1 (queue active)
May  5 01:43:46 mail dovecot: lda(mystyle@hs.ntnu.edu.tw)<70361><Mr1FCVJUsF7ZEgEAdo0elA>: sieve: msgid=<974885619.3754282.1588614219693.JavaMail.app@lor1-app44793.prod.linkedin.com>: stored mail into mailbox 'INBOX'
May  5 01:43:46 mail postfix/pipe[70299]: 165551D1C15: to=<mystyle@hs.ntnu.edu.tw>, relay=dovecot, delay=0.63, delays=0.07/0/0/0.56, dsn=2.0.0, status=sent (delivered via dovecot service)
May  5 01:43:46 mail postfix/qmgr[68914]: 165551D1C15: removed
May  5 01:43:50 mail postfix/smtpd[70287]: disconnect from maile-he.linkedin.com[108.174.0.205] ehlo=2 starttls=1 mail=1 rcpt=1 data=1 quit=1 commands=7
May  5 01:44:21 mail dovecot: imap-login: Disconnected (no auth attempts in 0 secs): user=<>, rip=1.162.209.249, lip=140.131.149.3, TLS handshaking: SSL_accept() failed: error:14094416:SSL routines:ssl3_read_bytes:sslv3 alert certificate unknown: SSL alert number 46, session=<T4zAFNakXN0BotH5>
May  5 01:44:21 mail dovecot: imap-login: Disconnected (no auth attempts in 0 secs): user=<>, rip=1.162.209.249, lip=140.131.149.3, TLS handshaking: SSL_accept() failed: error:14094416:SSL routines:ssl3_read_bytes:sslv3 alert certificate unknown: SSL alert number 46, session=<N/fDFNakXd0BotH5>
May  5 01:45:08 mail dovecot: imap(pellaeon@hs.ntnu.edu.tw)<69820><2/F8gtWkCJZ/AAAB>: Disconnected for inactivity in=12837 out=551110 deleted=0 expunged=0 trashed=0 hdr_count=54 hdr_bytes=14460 body_count=4 body_bytes=41550
May  5 01:45:21 mail dovecot: imap-login: Disconnected (no auth attempts in 0 secs): user=<>, rip=1.162.209.249, lip=140.131.149.3, TLS handshaking: SSL_accept() failed: error:14094416:SSL routines:ssl3_read_bytes:sslv3 alert certificate unknown: SSL alert number 46, session=<IPFRGNakat0BotH5>
May  5 01:45:22 mail dovecot: imap-login: Disconnected (no auth attempts in 1 secs): user=<>, rip=1.162.209.249, lip=140.131.149.3, TLS handshaking: SSL_accept() failed: error:14094416:SSL routines:ssl3_read_bytes:sslv3 alert certificate unknown: SSL alert number 46, session=<eC1bGNaka90BotH5>
May  5 01:46:21 mail dovecot: imap-login: Disconnected (no auth attempts in 0 secs): user=<>, rip=1.162.209.249, lip=140.131.149.3, TLS handshaking: SSL_accept() failed: error:14094416:SSL routines:ssl3_read_bytes:sslv3 alert certificate unknown: SSL alert number 46, session=<IO7kG9akbt0BotH5>
May  5 01:46:22 mail dovecot: imap-login: Disconnected (no auth attempts in 1 secs): user=<>, rip=1.162.209.249, lip=140.131.149.3, TLS handshaking: SSL_accept() failed: error:14094416:SSL routines:ssl3_read_bytes:sslv3 alert certificate unknown: SSL alert number 46, session=<GmPtG9akb90BotH5>
May  5 01:46:48 mail dovecot: imap(pellaeon@hs.ntnu.edu.tw)<69918><dTw5rNWkJuR/AAAB>: Disconnected for inactivity in=1152 out=803197 deleted=0 expunged=0 trashed=0 hdr_count=0 hdr_bytes=0 body_count=0 body_bytes=0
May  5 01:47:11 mail postfix/anvil[70289]: statistics: max connection rate 1/60s for (smtp:207.244.88.153) at May  5 01:43:11
May  5 01:47:11 mail postfix/anvil[70289]: statistics: max connection count 1 for (smtp:207.244.88.153) at May  5 01:43:11
May  5 01:47:11 mail postfix/anvil[70289]: statistics: max cache size 2 at May  5 01:43:42
May  5 01:47:16 mail dovecot: imap(iblis@hs.ntnu.edu.tw)<70344><RM0+EtakH8uMceUf>: Logged out in=219 out=8149 deleted=0 expunged=0 trashed=0 hdr_count=1 hdr_bytes=1407 body_count=1 body_bytes=5554
May  5 01:47:16 mail dovecot: imap(iblis@hs.ntnu.edu.tw)<70348><ojVFEtakIMuMceUf>: Logged out in=4830 out=661649 deleted=0 expunged=0 trashed=0 hdr_count=50 hdr_bytes=276065 body_count=49 body_bytes=365624
May  5 01:47:24 mail dovecot: imap-login: Disconnected (no auth attempts in 0 secs): user=<>, rip=1.162.209.249, lip=140.131.149.3, TLS handshaking: SSL_accept() failed: error:14094416:SSL routines:ssl3_read_bytes:sslv3 alert certificate unknown: SSL alert number 46, session=<kpOoH9akcN0BotH5>
May  5 01:48:48 mail dovecot: imap-login: Disconnected (no auth attempts in 24 secs): user=<>, rip=1.162.209.249, lip=140.131.149.3, TLS handshaking: SSL_accept() failed: error:14094416:SSL routines:ssl3_read_bytes:sslv3 alert certificate unknown: SSL alert number 46, session=<3waoJNakc90BotH5>
May  5 01:48:48 mail dovecot: imap-login: Disconnected (no auth attempts in 0 secs): user=<>, rip=1.162.209.249, lip=140.131.149.3, TLS handshaking: SSL_accept() failed: error:14094416:SSL routines:ssl3_read_bytes:sslv3 alert certificate unknown: SSL alert number 46, session=<9jqsJNakdt0BotH5>
May  5 01:49:23 mail dovecot: imap-login: Disconnected (no auth attempts in 0 secs): user=<>, rip=1.162.209.249, lip=140.131.149.3, TLS handshaking: SSL_accept() failed: error:14094416:SSL routines:ssl3_read_bytes:sslv3 alert certificate unknown: SSL alert number 46, session=<6l/EJtakeN0BotH5>
May  5 01:49:24 mail dovecot: imap-login: Disconnected (no auth attempts in 1 secs): user=<>, rip=1.162.209.249, lip=140.131.149.3, TLS handshaking: SSL_accept() failed: error:14094416:SSL routines:ssl3_read_bytes:sslv3 alert certificate unknown: SSL alert number 46, session=<2yvGJtaked0BotH5>
May  5 01:49:33 mail dovecot: imap-login: Login: user=<happytiger8899@hs.ntnu.edu.tw>, method=PLAIN, rip=185.30.176.168, lip=140.131.149.3, mpid=70397, TLS, session=<HXZWJ9ak8zC5HrCo>
May  5 01:49:36 mail dovecot: imap(happytiger8899@hs.ntnu.edu.tw)<70397><HXZWJ9ak8zC5HrCo>: Logged out in=478 out=1776 deleted=0 expunged=0 trashed=0 hdr_count=0 hdr_bytes=0 body_count=0 body_bytes=0
May  5 01:49:41 mail dovecot: imap-login: Login: user=<chilung@hs.ntnu.edu.tw>, method=PLAIN, rip=140.131.149.185, lip=140.131.149.3, mpid=70401, TLS, session=<zkbRJ9akCuGMg5W5>
May  5 01:50:14 mail dovecot: imap(chilung@hs.ntnu.edu.tw)<70401><zkbRJ9akCuGMg5W5>: Logged out in=995 out=449021 deleted=0 expunged=0 trashed=0 hdr_count=0 hdr_bytes=0 body_count=0 body_bytes=0
May  5 01:50:24 mail dovecot: imap-login: Disconnected (no auth attempts in 1 secs): user=<>, rip=1.162.209.249, lip=140.131.149.3, TLS handshaking: SSL_accept() failed: error:14094416:SSL routines:ssl3_read_bytes:sslv3 alert certificate unknown: SSL alert number 46, session=<IqBZKtakgN0BotH5>
May  5 01:50:25 mail dovecot: imap-login: Disconnected (no auth attempts in 0 secs): user=<>, rip=1.162.209.249, lip=140.131.149.3, TLS handshaking: SSL_accept() failed: error:14094416:SSL routines:ssl3_read_bytes:sslv3 alert certificate unknown: SSL alert number 46, session=<HDNqKtakgd0BotH5>
May  5 01:51:18 mail postfix/smtpd[70411]: warning: hostname 124.158.81.117.broad.sz.js.dynamic.163data.com.cn does not resolve to address 117.81.158.124: hostname nor servname provided, or not known
May  5 01:51:18 mail postfix/smtpd[70411]: connect from unknown[117.81.158.124]
May  5 01:51:24 mail dovecot: imap-login: Disconnected (no auth attempts in 0 secs): user=<>, rip=1.162.209.249, lip=140.131.149.3, TLS handshaking: SSL_accept() failed: error:14094416:SSL routines:ssl3_read_bytes:sslv3 alert certificate unknown: SSL alert number 46, session=<+obxLdakg90BotH5>
May  5 01:51:25 mail dovecot: imap-login: Disconnected (no auth attempts in 1 secs): user=<>, rip=1.162.209.249, lip=140.131.149.3, TLS handshaking: SSL_accept() failed: error:14094416:SSL routines:ssl3_read_bytes:sslv3 alert certificate unknown: SSL alert number 46, session=<nvX8LdakhN0BotH5>
May  5 01:51:31 mail postfix/smtpd[70416]: connect from unknown[180.108.9.250]
May  5 01:51:35 mail postfix/smtpd[70418]: connect from unknown[180.108.9.250]
May  5 01:51:36 mail postfix/smtpd[70416]: warning: unknown[180.108.9.250]: SASL LOGIN authentication failed: UGFzc3dvcmQ6
May  5 01:51:36 mail postfix/smtpd[70416]: lost connection after AUTH from unknown[180.108.9.250]
May  5 01:51:36 mail postfix/smtpd[70416]: disconnect from unknown[180.108.9.250] ehlo=1 auth=0/1 commands=1/2
May  5 01:51:40 mail postfix/smtpd[70416]: connect from unknown[180.108.9.250]
May  5 01:51:50 mail postfix/smtpd[70416]: warning: unknown[180.108.9.250]: SASL LOGIN authentication failed: UGFzc3dvcmQ6
May  5 01:52:28 mail dovecot: imap-login: Disconnected (no auth attempts in 0 secs): user=<>, rip=1.162.209.249, lip=140.131.149.3, TLS handshaking: SSL_accept() failed: error:14094416:SSL routines:ssl3_read_bytes:sslv3 alert certificate unknown: SSL alert number 46, session=<HJzLMdakid0BotH5>
May  5 01:52:39 mail postfix/smtpd[70425]: connect from unknown[180.108.184.3]
May  5 01:52:39 mail postfix/smtpd[70424]: connect from unknown[180.108.184.3]
May  5 01:52:44 mail postfix/smtpd[70424]: warning: unknown[180.108.184.3]: SASL LOGIN authentication failed: UGFzc3dvcmQ6
May  5 01:52:44 mail postfix/smtpd[70424]: lost connection after AUTH from unknown[180.108.184.3]
May  5 01:52:44 mail postfix/smtpd[70424]: disconnect from unknown[180.108.184.3] ehlo=1 auth=0/1 commands=1/2
May  5 01:52:46 mail postfix/smtpd[70424]: connect from unknown[180.108.184.3]
May  5 01:52:51 mail postfix/smtpd[70425]: warning: unknown[180.108.184.3]: SASL LOGIN authentication failed: UGFzc3dvcmQ6
May  5 01:52:51 mail postfix/smtpd[70424]: lost connection after AUTH from unknown[180.108.184.3]
May  5 01:52:51 mail postfix/smtpd[70424]: disconnect from unknown[180.108.184.3] ehlo=1 auth=0/1 commands=1/2
May  5 01:53:28 mail dovecot: imap-login: Disconnected (no auth attempts in 0 secs): user=<>, rip=1.162.209.249, lip=140.131.149.3, TLS handshaking: SSL_accept() failed: error:14094416:SSL routines:ssl3_read_bytes:sslv3 alert certificate unknown: SSL alert number 46, session=<T1dUNdakkN0BotH5>
May  5 01:53:28 mail dovecot: imap-login: Disconnected (no auth attempts in 0 secs): user=<>, rip=1.162.209.249, lip=140.131.149.3, TLS handshaking: SSL_accept() failed: error:14094416:SSL routines:ssl3_read_bytes:sslv3 alert certificate unknown: SSL alert number 46, session=<KQdZNdakkd0BotH5>
May  5 01:53:44 mail postfix/smtpd[70424]: connect from unknown[121.239.60.209]
May  5 01:53:44 mail postfix/smtpd[70429]: connect from unknown[121.239.60.209]
May  5 01:53:48 mail postfix/smtpd[70429]: warning: unknown[121.239.60.209]: SASL LOGIN authentication failed: UGFzc3dvcmQ6
May  5 01:53:48 mail postfix/smtpd[70429]: lost connection after AUTH from unknown[121.239.60.209]
May  5 01:53:48 mail postfix/smtpd[70429]: disconnect from unknown[121.239.60.209] ehlo=1 auth=0/1 commands=1/2
May  5 01:53:49 mail postfix/smtpd[70429]: connect from unknown[121.239.60.209]
May  5 01:53:57 mail postfix/smtpd[70429]: warning: unknown[121.239.60.209]: SASL LOGIN authentication failed: UGFzc3dvcmQ6
May  5 01:54:26 mail dovecot: imap-login: Disconnected (no auth attempts in 0 secs): user=<>, rip=118.168.76.130, lip=140.131.149.3, TLS handshaking: SSL_accept() failed: error:14094416:SSL routines:ssl3_read_bytes:sslv3 alert certificate unknown: SSL alert number 46, session=<+LfSONakOrZ2qEyC>
May  5 01:54:27 mail dovecot: imap-login: Disconnected (no auth attempts in 0 secs): user=<>, rip=118.168.76.130, lip=140.131.149.3, TLS handshaking: SSL_accept() failed: error:14094416:SSL routines:ssl3_read_bytes:sslv3 alert certificate unknown: SSL alert number 46, session=<Wa7cONakPLZ2qEyC>
May  5 01:54:27 mail dovecot: imap-login: Disconnected (no auth attempts in 0 secs): user=<>, rip=118.168.76.130, lip=140.131.149.3, TLS handshaking: SSL_accept() failed: error:14094416:SSL routines:ssl3_read_bytes:sslv3 alert certificate unknown: SSL alert number 46, session=<g7biONakPrZ2qEyC>
May  5 01:54:27 mail dovecot: imap-login: Disconnected (no auth attempts in 0 secs): user=<>, rip=118.168.76.130, lip=140.131.149.3, TLS handshaking: SSL_accept() failed: error:14094416:SSL routines:ssl3_read_bytes:sslv3 alert certificate unknown: SSL alert number 46, session=<a3vjONakQLZ2qEyC>
May  5 01:54:28 mail dovecot: imap-login: Disconnected (no auth attempts in 1 secs): user=<>, rip=118.168.76.130, lip=140.131.149.3, TLS handshaking: SSL_accept() failed: error:14094416:SSL routines:ssl3_read_bytes:sslv3 alert certificate unknown: SSL alert number 46, session=<1F3kONakQrZ2qEyC>
May  5 01:54:28 mail dovecot: imap-login: Disconnected (no auth attempts in 0 secs): user=<>, rip=1.162.209.249, lip=140.131.149.3, TLS handshaking: SSL_accept() failed: error:14094416:SSL routines:ssl3_read_bytes:sslv3 alert certificate unknown: SSL alert number 46, session=<AgzoONakld0BotH5>
May  5 01:54:28 mail dovecot: imap-login: Disconnected (no auth attempts in 0 secs): user=<>, rip=1.162.209.249, lip=140.131.149.3, TLS handshaking: SSL_accept() failed: error:14094416:SSL routines:ssl3_read_bytes:sslv3 alert certificate unknown: SSL alert number 46, session=<8gTqONaklt0BotH5>
May  5 01:54:28 mail postfix/smtpd[70435]: connect from o9.pigeon.quora.com[52.72.89.214]
May  5 01:54:29 mail postfix/smtpd[70441]: connect from o27.pigeon.quora.com[52.2.92.94]
May  5 01:54:29 mail postfix/smtpd[70442]: connect from o22.pigeon.quora.com[52.203.187.30]
May  5 01:54:29 mail postfix/smtpd[70435]: Anonymous TLS connection established from o9.pigeon.quora.com[52.72.89.214]: TLSv1.2 with cipher ECDHE-RSA-AES256-GCM-SHA384 (256/256 bits)
May  5 01:54:30 mail postfix/smtpd[70441]: Anonymous TLS connection established from o27.pigeon.quora.com[52.2.92.94]: TLSv1.2 with cipher ECDHE-RSA-AES256-GCM-SHA384 (256/256 bits)
May  5 01:54:30 mail postfix/smtpd[70442]: Anonymous TLS connection established from o22.pigeon.quora.com[52.203.187.30]: TLSv1.2 with cipher ECDHE-RSA-AES256-GCM-SHA384 (256/256 bits)
May  5 01:54:31 mail postfix/smtpd[70441]: disconnect from o27.pigeon.quora.com[52.2.92.94] ehlo=2 starttls=1 quit=1 commands=4
May  5 01:54:31 mail postfix/smtpd[70442]: disconnect from o22.pigeon.quora.com[52.203.187.30] ehlo=2 starttls=1 quit=1 commands=4
May  5 01:54:32 mail postfix/smtpd[70435]: EC4E91D1C0D: client=o9.pigeon.quora.com[52.72.89.214]
May  5 01:54:33 mail postfix/cleanup[70444]: EC4E91D1C0D: message-id=<ejp5y5f2o-bfIGWQA7oXKPRkFyg0TWRm61go_YsYKiQT-MeKywEj7LfgL-XYW1Cjnfi6jpSwYoBUX-sY2kf0aru_dlN9R9SdJiZXbOzU1J8PeHQmqK_Nt_BtuLjBJ1EZ-ar8891k8lzP-qAAAQIA@t2.msgid.quoramail.com>
May  5 01:54:34 mail postfix/qmgr[68914]: EC4E91D1C0D: from=<noreply@quora.com>, size=115357, nrcpt=1 (queue active)
May  5 01:54:34 mail bogofilter[70449]: X-Bogosity: Ham, spamicity=0.505332, version=1.2.5.rc1
May  5 01:54:34 mail postfix/pickup[70388]: 5E4A31D1C11: uid=800 from=<noreply@quora.com>
May  5 01:54:34 mail postfix/cleanup[70444]: 5E4A31D1C11: message-id=<ejp5y5f2o-bfIGWQA7oXKPRkFyg0TWRm61go_YsYKiQT-MeKywEj7LfgL-XYW1Cjnfi6jpSwYoBUX-sY2kf0aru_dlN9R9SdJiZXbOzU1J8PeHQmqK_Nt_BtuLjBJ1EZ-ar8891k8lzP-qAAAQIA@t2.msgid.quoramail.com>
May  5 01:54:34 mail postfix/pipe[70445]: EC4E91D1C0D: to=<cygnet1127@hs.ntnu.edu.tw>, relay=bogofilter, delay=4.1, delays=3.9/0.01/0/0.15, dsn=2.0.0, status=sent (delivered via bogofilter service)
May  5 01:54:34 mail postfix/qmgr[68914]: EC4E91D1C0D: removed
May  5 01:54:34 mail postfix/qmgr[68914]: 5E4A31D1C11: from=<noreply@quora.com>, size=115548, nrcpt=1 (queue active)
May  5 01:54:34 mail dovecot: lda(cygnet1127@hs.ntnu.edu.tw)<70453><6aBSHNpWsF41EwEAdo0elA>: sieve: msgid=<ejp5y5f2o-bfIGWQA7oXKPRkFyg0TWRm61go_YsYKiQT-MeKywEj7LfgL-XYW1Cjnfi6jpSwYoBUX-sY2kf0aru_dlN9R9SdJiZXbOzU1J8PeHQmqK_Nt_BtuLjBJ1EZ-ar8891k8lzP-qAAAQIA@t2.msgid.quoramail.com>: stored mail into mailbox 'INBOX'
May  5 01:54:34 mail postfix/pipe[70452]: 5E4A31D1C11: to=<cygnet1127@hs.ntnu.edu.tw>, relay=dovecot, delay=0.37, delays=0.07/0.01/0/0.28, dsn=2.0.0, status=sent (delivered via dovecot service)
May  5 01:54:34 mail postfix/qmgr[68914]: 5E4A31D1C11: removed
May  5 01:54:52 mail postfix/smtpd[70441]: warning: hostname 216.176.80.117.broad.sz.js.dynamic.163data.com.cn does not resolve to address 117.80.176.216: hostname nor servname provided, or not known
May  5 01:54:52 mail postfix/smtpd[70441]: connect from unknown[117.80.176.216]
